Traceback (most recent call last):
  File "/home/albytfon/chiikawa/passenger_wsgi.py", line 16, in <module>
    wsgi = load_source('wsgi', 'app.py')
  File "/home/albytfon/chiikawa/passenger_wsgi.py", line 13, in load_source
    loader.exec_module(module)
    ~~~~~~~~~~~~~~~~~~^^^^^^^^
  File "<frozen importlib._bootstrap_external>", line 1026, in exec_module
  File "<frozen importlib._bootstrap>", line 488, in _call_with_frames_removed
  File "app.py", line 1, in <module>
    from flask import Flask, render_template, jsonify
ModuleNotFoundError: No module named 'flask'
Traceback (most recent call last):
  File "/home/albytfon/chiikawa/passenger_wsgi.py", line 16, in <module>
    wsgi = load_source('wsgi', 'app.py')
  File "/home/albytfon/chiikawa/passenger_wsgi.py", line 13, in load_source
    loader.exec_module(module)
    ~~~~~~~~~~~~~~~~~~^^^^^^^^
  File "<frozen importlib._bootstrap_external>", line 1026, in exec_module
  File "<frozen importlib._bootstrap>", line 488, in _call_with_frames_removed
  File "app.py", line 1, in <module>
    from flask import Flask, render_template, jsonify
ModuleNotFoundError: No module named 'flask'
